
> continumm@0.0.0 build
> vite build

[36mvite v5.4.21 [32mbuilding for production...[36m[39m
transforming...
[32mΓ£ô[39m 6 modules transformed.
node.exe : [31mx[39m Build failed in 973ms
At C:\Program Files\nodejs\npm.ps1:29 char:3
+   & $NODE_EXE $NPM_CLI_JS $args
+   ~~~~~~~~~~~~~~~~~~~~~~~~~~~~~
    + CategoryInfo          : NotSpecified: ([31mx[39m Build failed in 973ms:String) [], RemoteException
    + FullyQualifiedErrorId : NativeCommandError
 
[31merror during build:
[31m[vite:esbuild] Transform failed with 2 errors:
C:/Projects/continuum/src/pages/app/settings.tsx:247:12: ERROR: Unexpected closing "Card" tag does not match opening 
"div" tag
C:/Projects/continuum/src/pages/app/settings.tsx:251:13: ERROR: Expected ")" but found "className"[31m
file: [36mC:/Projects/continuum/src/pages/app/settings.tsx:247:12[31m
[33m
[33mUnexpected closing "Card" tag does not match opening "div" tag[33m
245|            </Card>
246|  
247|            </Card>
   |              ^
248|          </div>
249|          </div>

[33mExpected ")" but found "className"[33m
249|          </div>
250|  
251|          <div className="space-y-6">
   |               ^
252|            <Card className="rounded-[2rem] border-border/40 shadow-soft">
253|              <CardHeader className="pb-4">
[31m
    at failureErrorWithLog (C:\Projects\continuum\node_modules\vite\node_modules\esbuild\lib\main.js:1472:15)
    at C:\Projects\continuum\node_modules\vite\node_modules\esbuild\lib\main.js:755:50
    at responseCallbacks.<computed> (C:\Projects\continuum\node_modules\vite\node_modules\esbuild\lib\main.js:622:9)
    at handleIncomingPacket (C:\Projects\continuum\node_modules\vite\node_modules\esbuild\lib\main.js:677:12)
    at Socket.readFromStdout (C:\Projects\continuum\node_modules\vite\node_modules\esbuild\lib\main.js:600:7)
    at Socket.emit (node:events:518:28)
    at addChunk (node:internal/streams/readable:561:12)
    at readableAddChunkPushByteMode (node:internal/streams/readable:512:3)
    at Readable.push (node:internal/streams/readable:392:5)
    at Pipe.onStreamRead (node:internal/stream_base_commons:189:23)[39m
